{
    "reconst - stub-run dkimetrics": {
        "content": [
            [
                
            ]
        ],
        "meta": {
            "nf-test": "0.9.0",
            "nextflow": "25.04.6"
        },
        "timestamp": "2025-07-15T17:52:47.854638003"
    },
    "reconst - dkimetrics_light": {
        "content": [
            "test__dki_fa.nii.gz:md5:header,c9e720b9a8acfe45a617e6486ebb8de0,data,bd4d9ba08cf1d6d38c271950b5003d1c",
            "test__dki_ad.nii.gz:md5:header,c9e720b9a8acfe45a617e6486ebb8de0,data,59c64827ef5ed43c5e37632fcbbc3312",
            "test__dki_md.nii.gz:md5:header,c9e720b9a8acfe45a617e6486ebb8de0,data,f45a78a08fe054fc59a47b00bec528e5",
            "test__dki_rd.nii.gz:md5:header,c9e720b9a8acfe45a617e6486ebb8de0,data,73578541bf1219f26c93a68b53c93dbb",
            [
                "versions.yml:md5,254c1fb19cea238e381632d5ac4d93ba"
            ]
        ],
        "meta": {
            "nf-test": "0.9.0",
            "nextflow": "25.04.6"
        },
        "timestamp": "2025-07-15T17:52:19.051125326"
    },
    "reconst - dkimetrics": {
        "content": [
            "test__ak.nii.gz:md5:header,c9e720b9a8acfe45a617e6486ebb8de0,data,323c7e06b2f0d4b4949964d3fbaa68f8",
            "test__dki_ad.nii.gz:md5:header,c9e720b9a8acfe45a617e6486ebb8de0,data,59c64827ef5ed43c5e37632fcbbc3312",
            "test__dki_fa.nii.gz:md5:header,c9e720b9a8acfe45a617e6486ebb8de0,data,bd4d9ba08cf1d6d38c271950b5003d1c",
            "test__dki_md.nii.gz:md5:header,c9e720b9a8acfe45a617e6486ebb8de0,data,f45a78a08fe054fc59a47b00bec528e5",
            "test__dki_rd.nii.gz:md5:header,c9e720b9a8acfe45a617e6486ebb8de0,data,73578541bf1219f26c93a68b53c93dbb",
            "test__dki_residual.nii.gz:md5:header,c9e720b9a8acfe45a617e6486ebb8de0,data,cd704db10e562429bb817d40d72de661",
            "test__mk.nii.gz:md5:header,c9e720b9a8acfe45a617e6486ebb8de0,data,3fa463c05280f3c9f6bfdfb38ba868a8",
            "test__msd.nii.gz:md5:header,c9e720b9a8acfe45a617e6486ebb8de0,data,1dbd63dc9a4fd2b18eba652499fe2131",
            "test__rk.nii.gz:md5:header,c9e720b9a8acfe45a617e6486ebb8de0,data,fb250d550753fb1c0bbdc304e30739b5",
            "test__dki_mqc.png",
            [
                "versions.yml:md5,254c1fb19cea238e381632d5ac4d93ba"
            ]
        ],
        "meta": {
            "nf-test": "0.9.0",
            "nextflow": "25.04.6"
        },
        "timestamp": "2025-07-15T17:42:38.429429555"
    }
}