{
    "registration - convert - stub-run": {
        "content": [
            [
                "versions.yml:md5,8fa42279d7793bb057cd5680bcb241e7"
            ]
        ],
        "meta": {
            "nf-test": "0.9.0",
            "nextflow": "25.04.7"
        },
        "timestamp": "2025-10-02T20:44:37.839613055"
    },
    "registration - convert - affine - to lta (needs source)": {
        "content": [
            "test_out_affine.lta",
            [
                "versions.yml:md5,8fa42279d7793bb057cd5680bcb241e7"
            ]
        ],
        "meta": {
            "nf-test": "0.9.0",
            "nextflow": "25.04.8"
        },
        "timestamp": "2025-10-16T15:03:48.505663297"
    },
    "registration - convert - affine - lta to fsl": {
        "content": [
            {
                "0": [
                    [
                        {
                            "id": "test"
                        },
                        "test_out_affine.mat:md5,c88fcae39c94d8af95ca00592c2f2634"
                    ]
                ],
                "1": [
                    "versions.yml:md5,8fa42279d7793bb057cd5680bcb241e7"
                ],
                "transformation": [
                    [
                        {
                            "id": "test"
                        },
                        "test_out_affine.mat:md5,c88fcae39c94d8af95ca00592c2f2634"
                    ]
                ],
                "versions": [
                    "versions.yml:md5,8fa42279d7793bb057cd5680bcb241e7"
                ]
            }
        ],
        "meta": {
            "nf-test": "0.9.3",
            "nextflow": "25.10.0"
        },
        "timestamp": "2025-10-29T11:13:34.703328482"
    },
    "registration - convert - mixed - to itk": {
        "content": [
            {
                "0": [
                    [
                        {
                            "id": "test1"
                        },
                        "test1_out_warp.nii.gz:md5,69052e6226da946bad1f9466285cbb89"
                    ]
                ],
                "1": [
                    "versions.yml:md5,8fa42279d7793bb057cd5680bcb241e7"
                ],
                "transformation": [
                    [
                        {
                            "id": "test1"
                        },
                        "test1_out_warp.nii.gz:md5,69052e6226da946bad1f9466285cbb89"
                    ]
                ],
                "versions": [
                    "versions.yml:md5,8fa42279d7793bb057cd5680bcb241e7"
                ]
            }
        ],
        "meta": {
            "nf-test": "0.9.3",
            "nextflow": "25.10.0"
        },
        "timestamp": "2025-10-29T11:13:43.762952295"
    },
    "registration - convert - deformation - ras to itk (lps)": {
        "content": [
            {
                "0": [
                    [
                        {
                            "id": "test"
                        },
                        "test_out_warp.nii.gz:md5,69052e6226da946bad1f9466285cbb89"
                    ]
                ],
                "1": [
                    "versions.yml:md5,8fa42279d7793bb057cd5680bcb241e7"
                ],
                "transformation": [
                    [
                        {
                            "id": "test"
                        },
                        "test_out_warp.nii.gz:md5,69052e6226da946bad1f9466285cbb89"
                    ]
                ],
                "versions": [
                    "versions.yml:md5,8fa42279d7793bb057cd5680bcb241e7"
                ]
            }
        ],
        "meta": {
            "nf-test": "0.9.3",
            "nextflow": "25.10.0"
        },
        "timestamp": "2025-10-29T11:13:25.855140969"
    }
}