{
    "anatomical_segmentation - freesurferseg": {
        "content": [
            {
                "csf_mask": [
                    [
                        {
                            "id": "test"
                        },
                        "test__mask_csf.nii.gz"
                    ]
                ],
                "gm_mask": [
                    [
                        {
                            "id": "test"
                        },
                        "test__mask_gm.nii.gz"
                    ]
                ],
                "versions": [
                    "versions.yml:md5,7f184d3df98a22ec61c2e52230199180"
                ],
                "wm_mask": [
                    [
                        {
                            "id": "test"
                        },
                        "test__mask_wm.nii.gz"
                    ]
                ]
            }
        ],
        "meta": {
            "nf-test": "0.9.2",
            "nextflow": "25.04.7"
        },
        "timestamp": "2025-09-30T16:36:29.593552"
    },
    "anatomical_segmentation - synthseg": {
        "content": [
            {
                "aparc_aseg": [
                    [
                        {
                            "id": "test"
                        },
                        "test__aparc_aseg.nii.gz"
                    ]
                ],
                "csf_map": [
                    [
                        {
                            "id": "test"
                        },
                        "test__map_csf.nii.gz"
                    ]
                ],
                "csf_mask": [
                    [
                        {
                            "id": "test"
                        },
                        "test__mask_csf.nii.gz"
                    ]
                ],
                "gm_map": [
                    [
                        {
                            "id": "test"
                        },
                        "test__map_gm.nii.gz"
                    ]
                ],
                "gm_mask": [
                    [
                        {
                            "id": "test"
                        },
                        "test__mask_gm.nii.gz"
                    ]
                ],
                "qc_score": [
                    [
                        {
                            "id": "test"
                        },
                        "test__qc_score.csv"
                    ]
                ],
                "resample": [
                    [
                        {
                            "id": "test"
                        },
                        "test__resampled_image.nii.gz"
                    ]
                ],
                "seg": [
                    [
                        {
                            "id": "test"
                        },
                        "test__seg.nii.gz"
                    ]
                ],
                "versions": [
                    "versions.yml:md5,95e31db072c7bb2505128bd08beaecf4"
                ],
                "volume": [
                    [
                        {
                            "id": "test"
                        },
                        "test__volume.csv"
                    ]
                ],
                "wm_map": [
                    [
                        {
                            "id": "test"
                        },
                        "test__map_wm.nii.gz"
                    ]
                ],
                "wm_mask": [
                    [
                        {
                            "id": "test"
                        },
                        "test__mask_wm.nii.gz"
                    ]
                ]
            }
        ],
        "meta": {
            "nf-test": "0.9.2",
            "nextflow": "25.04.7"
        },
        "timestamp": "2025-09-30T16:36:51.005323"
    },
    "anatomical_segmentation - fslfast": {
        "content": [
            {
                "csf_map": [
                    [
                        {
                            "id": "test"
                        },
                        "test__map_csf.nii.gz"
                    ]
                ],
                "csf_mask": [
                    [
                        {
                            "id": "test"
                        },
                        "test__mask_csf.nii.gz"
                    ]
                ],
                "gm_map": [
                    [
                        {
                            "id": "test"
                        },
                        "test__map_gm.nii.gz"
                    ]
                ],
                "gm_mask": [
                    [
                        {
                            "id": "test"
                        },
                        "test__mask_gm.nii.gz"
                    ]
                ],
                "versions": [
                    "versions.yml:md5,fcaa7c88e19009349d51422fab2077fc"
                ],
                "wm_map": [
                    [
                        {
                            "id": "test"
                        },
                        "test__map_wm.nii.gz"
                    ]
                ],
                "wm_mask": [
                    [
                        {
                            "id": "test"
                        },
                        "test__mask_wm.nii.gz"
                    ]
                ]
            }
        ],
        "meta": {
            "nf-test": "0.9.2",
            "nextflow": "25.04.7"
        },
        "timestamp": "2025-09-30T16:36:14.558096"
    },
    "anatomical_segmentation - both": {
        "content": [
            {
                "csf_map": [
                    [
                        {
                            "id": "test"
                        },
                        "test__map_csf.nii.gz"
                    ]
                ],
                "csf_mask": [
                    [
                        {
                            "id": "test"
                        },
                        "test__mask_csf.nii.gz"
                    ]
                ],
                "gm_map": [
                    [
                        {
                            "id": "test"
                        },
                        "test__map_gm.nii.gz"
                    ]
                ],
                "gm_mask": [
                    [
                        {
                            "id": "test"
                        },
                        "test__mask_gm.nii.gz"
                    ]
                ],
                "versions": [
                    "versions.yml:md5,7f184d3df98a22ec61c2e52230199180",
                    "versions.yml:md5,fcaa7c88e19009349d51422fab2077fc"
                ],
                "wm_map": [
                    [
                        {
                            "id": "test"
                        },
                        "test__map_wm.nii.gz"
                    ]
                ],
                "wm_mask": [
                    [
                        {
                            "id": "test"
                        },
                        "test__mask_wm.nii.gz"
                    ]
                ]
            }
        ],
        "meta": {
            "nf-test": "0.9.2",
            "nextflow": "25.04.7"
        },
        "timestamp": "2025-09-30T16:36:44.805357"
    }
}