{
    "registration - tractogram - keep invalid": {
        "content": [
            {
                "0": [
                    [
                        {
                            "id": "test",
                            "single_end": false
                        },
                        "test_bundle_2.trk:md5,824bcbf796cbce3e1c93e39d1c98dcf9"
                    ]
                ],
                "1": [
                    "versions.yml:md5,452295f58ea9ab6aa25264de21b111c1"
                ],
                "tractogram": [
                    [
                        {
                            "id": "test",
                            "single_end": false
                        },
                        "test_bundle_2.trk:md5,824bcbf796cbce3e1c93e39d1c98dcf9"
                    ]
                ],
                "versions": [
                    "versions.yml:md5,452295f58ea9ab6aa25264de21b111c1"
                ]
            }
        ],
        "meta": {
            "nf-test": "0.9.0",
            "nextflow": "25.04.8"
        },
        "timestamp": "2025-10-16T15:24:45.131144667"
    },
    "registration - tractogram_bundles": {
        "content": [
            {
                "0": [
                    [
                        {
                            "id": "test",
                            "single_end": false
                        },
                        [
                            "test_bundle_0.trk:md5,6e14cc02b66d12d5dde0a0701918385a",
                            "test_bundle_1.trk:md5,ef5a759144ab7e8d2f5abf30a463a152",
                            "test_bundle_2.trk:md5,824bcbf796cbce3e1c93e39d1c98dcf9",
                            "test_bundle_3.trk:md5,8877161b9aebaa6b12a4d7a8f8410407",
                            "test_bundle_4.trk:md5,6c8658b946154896952ca89e88fcf29f",
                            "test_bundle_5.trk:md5,fa058f93d9bfe4bed2ff027e9acd5682",
                            "test_bundle_6.trk:md5,125e50561b4b0c5fd8ee23867c28bc51"
                        ]
                    ]
                ],
                "1": [
                    "versions.yml:md5,452295f58ea9ab6aa25264de21b111c1"
                ],
                "tractogram": [
                    [
                        {
                            "id": "test",
                            "single_end": false
                        },
                        [
                            "test_bundle_0.trk:md5,6e14cc02b66d12d5dde0a0701918385a",
                            "test_bundle_1.trk:md5,ef5a759144ab7e8d2f5abf30a463a152",
                            "test_bundle_2.trk:md5,824bcbf796cbce3e1c93e39d1c98dcf9",
                            "test_bundle_3.trk:md5,8877161b9aebaa6b12a4d7a8f8410407",
                            "test_bundle_4.trk:md5,6c8658b946154896952ca89e88fcf29f",
                            "test_bundle_5.trk:md5,fa058f93d9bfe4bed2ff027e9acd5682",
                            "test_bundle_6.trk:md5,125e50561b4b0c5fd8ee23867c28bc51"
                        ]
                    ]
                ],
                "versions": [
                    "versions.yml:md5,452295f58ea9ab6aa25264de21b111c1"
                ]
            }
        ],
        "meta": {
            "nf-test": "0.9.0",
            "nextflow": "25.04.8"
        },
        "timestamp": "2025-10-16T15:23:46.56008019"
    },
    "registration - tractogram - stub-run": {
        "content": [
            [
                "versions.yml:md5,452295f58ea9ab6aa25264de21b111c1"
            ]
        ],
        "meta": {
            "nf-test": "0.9.0",
            "nextflow": "25.04.7"
        },
        "timestamp": "2025-10-02T20:59:23.756300025"
    },
    "registration - tractogram - custom suffix": {
        "content": [
            {
                "0": [
                    [
                        {
                            "id": "test",
                            "single_end": false
                        },
                        "test_bundle_2_mni.trk:md5,824bcbf796cbce3e1c93e39d1c98dcf9"
                    ]
                ],
                "1": [
                    "versions.yml:md5,452295f58ea9ab6aa25264de21b111c1"
                ],
                "tractogram": [
                    [
                        {
                            "id": "test",
                            "single_end": false
                        },
                        "test_bundle_2_mni.trk:md5,824bcbf796cbce3e1c93e39d1c98dcf9"
                    ]
                ],
                "versions": [
                    "versions.yml:md5,452295f58ea9ab6aa25264de21b111c1"
                ]
            }
        ],
        "meta": {
            "nf-test": "0.9.0",
            "nextflow": "25.04.8"
        },
        "timestamp": "2025-10-16T15:24:16.677031753"
    }
}